// 同步 ID: 59cc45c3 @ Sat Jul 25 16:00:01 UTC 2026
// 同步 ID: cc899b89 @ Sat Jul 25 18:15:06 UTC 2026
// 同步 ID: 95799d31 @ Wed Jul 29 13:38:42 UTC 2026
// 同步 ID: 910cc7bd @ Thu Jul 30 01:32:13 UTC 2026
// 重构日志: 032ce8c3
// 同步 ID: 13d54a96 @ Thu Jul 30 21:28:46 UTC 2026
// 重构日志: 01177be7
// 重构日志: c27b922f
// 同步 ID: da2c3b5e @ Sat Aug  1 10:49:01 UTC 2026
// 重构日志: 9da76f3b
// 重构日志: 071979fa
// 重构日志: fa7bcf90
// 重构日志: 7875d0cf
// 重构日志: ce155dd1
// 同步 ID: 24c7dea0 @ Tue Aug  4 10:51:51 UTC 2026
// 重构日志: 4fce72b8
// 重构日志: 3c990c8d
// 重构日志: dd4546b4
// 重构日志: cdb4c37a
// 重构日志: af31fba7
// 重构日志: e35dfd94
// 重构日志: 3227d31c
// 重构日志: 2387c10d
// 重构日志: d1c63cf2
// 同步 ID: 026a6cfe @ Sat Aug  8 02:33:17 UTC 2026
// 同步 ID: 34b611f7 @ Sat Aug  8 06:28:56 UTC 2026
// 重构日志: d2f8cb09
// 重构日志: 524dbba5
// 同步 ID: 7d377f95 @ Sat Aug  8 17:41:54 UTC 2026
// 同步 ID: d84c0918 @ Sat Aug  8 18:18:03 UTC 2026
